Component: ARM Compiler 5.06 update 6 (build 750) Tool: armlink [4d35ed]

==============================================================================

Section Cross References

    startup.o(RESET) refers to startup.o(STACK) for Stack_Top
    startup.o(RESET) refers to tcd.o(tcd) for __main
    startup.o(.text) refers to startup.o(HEAP) for Heap_Mem
    startup.o(.text) refers to startup.o(STACK) for Stack_Mem
    tcd.o(tcd) refers to tcd.o(InterruptStuff) for irqhan
    tcd.o(tcd) refers to tcd.o(MutableDate) for InteruptBoolean
    tcd.o(InterruptStuff) refers to tcd.o(MutableDate) for InteruptBoolean


==============================================================================

Image Symbol Table

    Local Symbols

    Symbol Name                              Value     Ov Type        Size  Object(Section)

    RESET                                    0x00000000   Section      272  startup.o(RESET)
    Startup.s                                0x00000000   Number         0  startup.o ABSOLUTE
    TCD.s                                    0x00000000   Number         0  tcd.o ABSOLUTE
    Undef_Handler                            0x00000040   ARM Code       4  startup.o(RESET)
    SWI_Handler                              0x00000044   ARM Code       4  startup.o(RESET)
    PAbt_Handler                             0x00000048   ARM Code       4  startup.o(RESET)
    DAbt_Handler                             0x0000004c   ARM Code       4  startup.o(RESET)
    IRQ_Handler                              0x00000050   ARM Code       4  startup.o(RESET)
    FIQ_Handler                              0x00000054   ARM Code       4  startup.o(RESET)
    .text                                    0x00000110   Section       32  startup.o(.text)
    InterruptStuff                           0x00000130   Section       60  tcd.o(InterruptStuff)
    irqhan                                   0x00000130   ARM Code       4  tcd.o(InterruptStuff)
    tcd                                      0x0000016c   Section      700  tcd.o(tcd)
    MutableDate                              0x40000000   Section       28  tcd.o(MutableDate)
    InteruptBoolean                          0x40000000   Data           4  tcd.o(MutableDate)
    hrs0                                     0x40000004   Data           4  tcd.o(MutableDate)
    hrs1                                     0x40000008   Data           4  tcd.o(MutableDate)
    mins0                                    0x4000000c   Data           4  tcd.o(MutableDate)
    mins1                                    0x40000010   Data           4  tcd.o(MutableDate)
    secs0                                    0x40000014   Data           4  tcd.o(MutableDate)
    secs1                                    0x40000018   Data           4  tcd.o(MutableDate)
    HEAP                                     0x40000020   Section        0  startup.o(HEAP)
    STACK                                    0x40000020   Section     1160  startup.o(STACK)
    Heap_Mem                                 0x40000020   Data           0  startup.o(HEAP)
    Stack_Mem                                0x40000020   Data        1024  startup.o(STACK)
    Stack_Top                                0x400004a8   Data           0  startup.o(STACK)

    Global Symbols

    Symbol Name                              Value     Ov Type        Size  Object(Section)

    BuildAttributes$$THM_ISAv1$ARM_ISAv4$S$PE$A:L22$X:L11$S22$IEEE1$IW$USESV6$~STKCKD$USESV7$~SHL$OSPACE$EBA8$STANDARDLIB$EABIv2 0x00000000   Number         0  anon$$obj.o ABSOLUTE
    Reset_Handler                            0x00000058   ARM Code       0  startup.o(RESET)
    __user_initial_stackheap                 0x00000110   ARM Code       0  startup.o(.text)
    __main                                   0x0000016c   ARM Code       0  tcd.o(tcd)



==============================================================================

Memory Map of the image

  Image Entry point : 0x00000000

  Load Region LR_IROM1 (Base: 0x00000000, Size: 0x00000444, Max: 0x00080000, ABSOLUTE)

    Execution Region ER_IROM1 (Exec base: 0x00000000, Load base: 0x00000000, Size: 0x00000428, Max: 0x00080000, ABSOLUTE)

    Exec Addr    Load Addr    Size         Type   Attr      Idx    E Section Name        Object

    0x00000000   0x00000000   0x00000110   Code   RO            3  * RESET               startup.o
    0x00000110   0x00000110   0x00000020   Code   RO            4    .text               startup.o
    0x00000130   0x00000130   0x0000003c   Code   RO           12    InterruptStuff      tcd.o
    0x0000016c   0x0000016c   0x000002bc   Code   RO           11    tcd                 tcd.o


    Execution Region RW_IRAM1 (Exec base: 0x40000000, Load base: 0x00000428, Size: 0x000004a8, Max: 0x00008000, ABSOLUTE)

    Exec Addr    Load Addr    Size         Type   Attr      Idx    E Section Name        Object

    0x40000000   0x00000428   0x0000001c   Data   RW           13    MutableDate         tcd.o
    0x4000001c   0x00000444   0x00000004   PAD
    0x40000020        -       0x00000000   Zero   RW            2    HEAP                startup.o
    0x40000020        -       0x00000488   Zero   RW            1    STACK               startup.o


==============================================================================

Image component sizes


      Code (inc. data)   RO Data    RW Data    ZI Data      Debug   Object Name

       304         60          0          0       1160        620   startup.o
       760        144          0         28          0        644   tcd.o

    ----------------------------------------------------------------------
      1064        204          0         28       1164       1264   Object Totals
         0          0          0          0          0          0   (incl. Generated)
         0          0          0          0          4          0   (incl. Padding)

    ----------------------------------------------------------------------
         0          0          0          0          0          0   Library Totals
         0          0          0          0          0          0   (incl. Padding)

    ----------------------------------------------------------------------

==============================================================================


      Code (inc. data)   RO Data    RW Data    ZI Data      Debug   

      1064        204          0         28       1164       1264   Grand Totals
      1064        204          0         28       1164       1264   ELF Image Totals
      1064        204          0         28          0          0   ROM Totals

==============================================================================

    Total RO  Size (Code + RO Data)                 1064 (   1.04kB)
    Total RW  Size (RW Data + ZI Data)              1192 (   1.16kB)
    Total ROM Size (Code + RO Data + RW Data)       1092 (   1.07kB)

==============================================================================

