Component: ARM Compiler 5.06 update 6 (build 750) Tool: armlink [4d35ed]

==============================================================================

Section Cross References

    startup.o(RESET) refers to startup.o(STACK) for Stack_Top
    startup.o(RESET) refers to tcd.o(tcd) for __main
    startup.o(.text) refers to startup.o(HEAP) for Heap_Mem
    startup.o(.text) refers to startup.o(STACK) for Stack_Mem
    tcd.o(tcd) refers to tcd.o(tcdrodata) for inputs
    tcd.o(tcd) refers to tcd.o(tcddata) for fact_results


==============================================================================

Image Symbol Table

    Local Symbols

    Symbol Name                              Value     Ov Type        Size  Object(Section)

    RESET                                    0x00000000   Section      272  startup.o(RESET)
    Startup.s                                0x00000000   Number         0  startup.o ABSOLUTE
    TCD.s                                    0x00000000   Number         0  tcd.o ABSOLUTE
    Undef_Handler                            0x00000040   ARM Code       4  startup.o(RESET)
    SWI_Handler                              0x00000044   ARM Code       4  startup.o(RESET)
    PAbt_Handler                             0x00000048   ARM Code       4  startup.o(RESET)
    DAbt_Handler                             0x0000004c   ARM Code       4  startup.o(RESET)
    IRQ_Handler                              0x00000050   ARM Code       4  startup.o(RESET)
    FIQ_Handler                              0x00000054   ARM Code       4  startup.o(RESET)
    .text                                    0x00000110   Section       32  startup.o(.text)
    tcd                                      0x00000130   Section      208  tcd.o(tcd)
    tcdrodata                                0x00000200   Section       16  tcd.o(tcdrodata)
    inputs                                   0x00000200   Data           4  tcd.o(tcdrodata)
    tcddata                                  0x40000000   Section       32  tcd.o(tcddata)
    fact_results                             0x40000000   Data          32  tcd.o(tcddata)
    HEAP                                     0x40000020   Section        0  startup.o(HEAP)
    STACK                                    0x40000020   Section     1160  startup.o(STACK)
    Heap_Mem                                 0x40000020   Data           0  startup.o(HEAP)
    Stack_Mem                                0x40000020   Data        1024  startup.o(STACK)
    Stack_Top                                0x400004a8   Data           0  startup.o(STACK)

    Global Symbols

    Symbol Name                              Value     Ov Type        Size  Object(Section)

    BuildAttributes$$THM_ISAv1$ARM_ISAv4$S$PE$A:L22$X:L11$S22$IEEE1$IW$USESV6$~STKCKD$USESV7$~SHL$OSPACE$EBA8$STANDARDLIB$EABIv2 0x00000000   Number         0  anon$$obj.o ABSOLUTE
    Reset_Handler                            0x00000058   ARM Code       0  startup.o(RESET)
    __user_initial_stackheap                 0x00000110   ARM Code       0  startup.o(.text)
    __main                                   0x00000130   ARM Code       0  tcd.o(tcd)



==============================================================================

Memory Map of the image

  Image Entry point : 0x00000000

  Load Region LR_IROM1 (Base: 0x00000000, Size: 0x00000230, Max: 0x00080000, ABSOLUTE)

    Execution Region ER_IROM1 (Exec base: 0x00000000, Load base: 0x00000000, Size: 0x00000210, Max: 0x00080000, ABSOLUTE)

    Exec Addr    Load Addr    Size         Type   Attr      Idx    E Section Name        Object

    0x00000000   0x00000000   0x00000110   Code   RO            3  * RESET               startup.o
    0x00000110   0x00000110   0x00000020   Code   RO            4    .text               startup.o
    0x00000130   0x00000130   0x000000d0   Code   RO           11    tcd                 tcd.o
    0x00000200   0x00000200   0x00000010   Data   RO           12    tcdrodata           tcd.o


    Execution Region RW_IRAM1 (Exec base: 0x40000000, Load base: 0x00000210, Size: 0x000004a8, Max: 0x00008000, ABSOLUTE)

    Exec Addr    Load Addr    Size         Type   Attr      Idx    E Section Name        Object

    0x40000000   0x00000210   0x00000020   Data   RW           13    tcddata             tcd.o
    0x40000020        -       0x00000000   Zero   RW            2    HEAP                startup.o
    0x40000020        -       0x00000488   Zero   RW            1    STACK               startup.o


==============================================================================

Image component sizes


      Code (inc. data)   RO Data    RW Data    ZI Data      Debug   Object Name

       304         60          0          0       1160        628   startup.o
       208          8         16         32          0        296   tcd.o

    ----------------------------------------------------------------------
       512         68         16         32       1160        924   Object Totals
         0          0          0          0          0          0   (incl. Generated)
         0          0          0          0          0          0   (incl. Padding)

    ----------------------------------------------------------------------
         0          0          0          0          0          0   Library Totals
         0          0          0          0          0          0   (incl. Padding)

    ----------------------------------------------------------------------

==============================================================================


      Code (inc. data)   RO Data    RW Data    ZI Data      Debug   

       512         68         16         32       1160        924   Grand Totals
       512         68         16         32       1160        924   ELF Image Totals
       512         68         16         32          0          0   ROM Totals

==============================================================================

    Total RO  Size (Code + RO Data)                  528 (   0.52kB)
    Total RW  Size (RW Data + ZI Data)              1192 (   1.16kB)
    Total ROM Size (Code + RO Data + RW Data)        560 (   0.55kB)

==============================================================================

